﻿­ƒÜÇ Starting v2.0 Sequential Truth Engine Tests (VSI & Telemetry)

--- 1. Testing VSI Merkle Chaining ---
[+] Initialized StreamSigner with root Anchor: 0xf709bd51d1ccb...
[+] Fragment 1 Packed in emsg. Buffer Size: 602 bytes
[+] Fragment 2 Packed in emsg. Buffer Size: 604 bytes
Ô£à VSI Merkle Chaining Test Passed!

--- 2. Testing CMCDv2 Ethical Pulse ---
[+] Broadcast Headers (100% compliance): { 'CMCD-Custom-hik-es': '100', 'CMCD-Custom-hik-ps': '2' }
Ô£à 100% Compliant Request correctly allowed through Edge.
[+] Broadcast Headers (0% compliance): { 'CMCD-Custom-hik-es': '0', 'CMCD-Custom-hik-ps': '5' }
Ô£à Compromised Stream correctly dropped at the Edge.
Ô£à Bypass Request (No Ethical Pulse) correctly dropped at the Edge.
--- 3. Testing SSAI Authorized Ad Breaks & Cryptographic Signatures ---
[+] Broadcast Headers (Ad Break + Signature): {
  'CMCD-Custom-hik-es': '100',
  'CMCD-Custom-hik-ps': '5',
  'CMCD-Custom-hik-ab': '1',
  'CMCD-Custom-hik-sig': 'MEQCICc1Q7tt1_t3vxkv6l6qX3EFjaLwWBamXEitlVgOSI6iAiB6pFAv3PG7CRWpYsJOEqzL7IqCn5l95vHvM0wrdFR7Og'
}
Ô£à Unverified/Spoofed Ad Fragments mathematically blocked by Edge Signature Validation.
node.exe : Error: 
Telemetry Test Failed 
[FALSE POSITIVE]: Edge 
CDN blocked valid 
signed telemetry 
because the HTTP proxy 
lowercased the headers!
En línea: 1 Carácter: 1
+ & "C:\Program 
Files\nodejs/node.exe" 
"C:\Program 
Files\nodejs/node_mo 
...
+ ~~~~~~~~~~~~~~~~~~~~~
~~~~~~~~~~~~~~~~~~~~~~~
~~~~~~~~~~~~~~~~~~~~~~~
~~
    + CategoryInfo     
         : 
NotSpecified: (Err    
or: Telemetr...ed the  
   headers!:String) 
[], R    emoteException
    + 
FullyQualifiedErrorI   
 d : NativeCommandError
 
    at runV2Tests (C:\H
IK\HumanisKind\tests\te
st-v2-telemetry.ts:104:
11)
    at 
Object.<anonymous> (C:\
HIK\HumanisKind\tests\t
est-v2-telemetry.ts:135
:1)
    at Module._compile 
(node:internal/modules/
cjs/loader:1812:14)
    at 
Module.m._compile (C:\H
IK\HumanisKind\node_mod
ules\ts-node\src\index.
ts:1618:23)
    at node:internal/mo
dules/cjs/loader:1943:1
0
    at Object.require.e
xtensions.<computed> 
[as .ts] (C:\HIK\Humani
sKind\node_modules\ts-n
ode\src\index.ts:1621:1
2)
    at Module.load (nod
e:internal/modules/cjs/
loader:1533:32)
    at Module._load (no
de:internal/modules/cjs
/loader:1335:12)
    at wrapModuleLoad (
node:internal/modules/c
js/loader:255:19)
    at Module.executeUs
erEntryPoint [as 
runMain] (node:internal
/modules/run_main:154:5
)
